Arthrocladium_fulminans_CBS136243.aa.fasta
Capronia_epimyces_CBS_606.96.aa.fasta
Capronia_semiimmersa_CBS27337.aa.fasta
Chaetothyriales_sp.CBS_128958.aa.fasta
Chaetothyriales_sp.CBS_129047.aa.fasta
Chaetothyriales_sp.CBS_132003.aa.fasta
Chaetothyriales_sp.CBS_134916.aa.fasta
Chaetothyriales_sp.CBS_134920.aa.fasta
Chaetothyriales_sp.CBS_135597.aa.fasta
Chaetothyriales_sp.FJII-L3-CM-DR1.aa.fasta
Cladophialophora_bantiana_CBS173.52.aa.fasta
Cladophialophora_carrionii_CBS160.54.aa.fasta
Cladophialophora_immunda_CBS_83496.v1.aa.fasta
Cladophialophora_psammophila_CBS_110553.aa.fasta
Cladophialophora_yegresii_CBS_114405.aa.fasta
Cyphellophora_europaea_CBS_101466.aa.fasta
Exophiala_alcalophila_J33.v1.aa.fasta
Exophiala_aquamarina_CBS_119918.aa.fasta
Exophiala_dermatitidis_NIH.UT8656.aa.fasta
Exophiala_lecanii-corni_CBS102400.aa.fasta
Exophiala_limosus_JF034F.aa.fasta
Exophiala_mesophila_CBS_40295.aa.fasta
Exophiala_oligosperma_CBS_72588.aa.fasta
Exophiala_phaeomuriformis_CBS132758.aa.fasta
Exophiala_spinifera_BMU_00051.aa.fasta
Exophiala_viscosium_JF022F.aa.fasta
Exophiala_xenobiotica_CBS_118157.aa.fasta
Fonsecaea_erecta_CBS125763.aa.fasta
Fonsecaea_monophora_CBS269.37.aa.fasta
Fonsecaea_multimorphosa_CBS_102226.v1.aa.fasta
Fonsecaea_nubica_CBS269.64.aa.fasta
Fonsecaea_pedrosoi_CBS271.37.aa.fasta
Fonsecaea_pugnacius_CBS139214.aa.fasta
Knufia_petricola_MA5789.aa.fasta
Neophaeococcomyces_mojaviensis_JES112.aa.fasta
Neurospora_crassa_OR74A.aa.fasta
Phialophora_attinorum_CBS_131958.aa.fasta
Phialophora_chinensis_BMU07630.aa.fasta
Phialophora_expanda_BMU02323.aa.fasta
Phialophora_macrospora_BMU00149.aa.fasta
Phialophora_tarda_CBS111589.aa.fasta
Rhinocladiella_mackenziei_CBS_650.93.aa.fasta
